
################################################################################

 PACKMOL - Packing optimization for the automated generation of
 starting configurations for molecular dynamics simulations.
 
                                                             Version 21.2.1 

################################################################################

  Packmol must be run with: packmol < inputfile.inp 

  Userguide at: http://m3g.iqm.unicamp.br/packmol 

  Reading input file... (Control-C aborts)
  Types of coordinate files specified: xyz
  Seed for random number generator:     20260507
  Output file: /root/lmp-work/.compat/opls_runlmp_dryrun_ethanol/system.xyz
  Reading coordinate file: /root/lmp-work/.compat/opls_runlmp_dryrun_ethanol/ethanol_500mol_viscosity_squarebox_negk_opls_lbcc_20260407.xyz
  Number of independent structures:            1
  The structures are: 
  Structure            1 :(           9  atoms)
  Maximum number of GENCAN loops for all molecule packing:          200
  Distance tolerance:    2.0000000000000000     
  Number of molecules of type            1 :          500
  Total number of restrictions:            1
  Total number of atoms:         4500
  Total number of molecules:          500
  Number of fixed molecules:            0
  Number of free molecules:          500
  Number of variables:         3000
  Total number of fixed atoms:            0
  Maximum internal distance of type            1 :    3.5596140774862097     
  All atoms must be within these coordinates: 
   x: [   -993.60000000000002      ,    1006.4000000000000       ] 
   y: [   -993.60000000000002      ,    1006.4000000000000       ] 
   z: [   -993.60000000000002      ,    1006.4000000000000       ] 
  If the system is larger than this, increase the sidemax parameter. 

################################################################################

  Building initial approximation ... 

################################################################################

  Adjusting initial point to fit the constraints 

--------------------------------------------------------------------------------

--------------------------------------------------------------------------------

  Molecules of type:            1

  Packing:|0                                                        100%|
          |*********************

  Restraint-only function value:    1.8547581577292465E-003
  Maximum violation of the restraints:    1.2913800918916743E-003

--------------------------------------------------------------------------------

  Rescaling maximum and minimum coordinates... 
  Mininum and maximum coordinates after constraint fitting: 
   x: [    1.9640642226758391      ,    36.574801267940771       ] 
   y: [    1.9982369315085213      ,    36.557384678260661       ] 
   z: [    2.0000117059054752      ,    36.554258992946679       ] 
  Computing size of patches... 
  Number of cells in each direction and cell sides: 
   x:           17  cells of size    2.2947492379567609     
   y:           17  cells of size    2.2917145733383615     
   z:           17  cells of size    2.2914263110024238     
  Cell-system length:   39.01074  38.95915  38.95425
  Reseting center of mass... 

--------------------------------------------------------------------------------

  Setting initial trial coordinates ... 

--------------------------------------------------------------------------------

--------------------------------------------------------------------------------

  Molecules of type:            1
  Adjusting random positions to fit the constraints. 
  Packing:|0                                                        100%|
          |*********
  Restraint-only function value:    1.5703343304539468E-004
  Maximum violation of the restraints:    1.5316066755518512E-004

################################################################################

  Objective function at initial point:    35097.276043810452     

################################################################################

  Packing molecules of type:            1

################################################################################


--------------------------------------------------------------------------------

  Starting GENCAN loop:            0
  Scaling radii by:    1.1000000000000001     

  Packing:|0                                                        100%|
          |*************************************************************|

  Function value from last GENCAN loop: f = .68996E+02
  Best function value before: f = .35097E+05
  Improvement from best function value:    99.80 %
  Improvement from last loop:    99.80 %
  Maximum violation of target distance:     0.459102
  Maximum violation of the constraints: .31185E+01
  All-type function value: .68996E+02

--------------------------------------------------------------------------------


--------------------------------------------------------------------------------

  Starting GENCAN loop:            1
  Scaling radii by:    1.1000000000000001     

  Packing:|0                                                        100%|
          |*************************************************************|

  Function value from last GENCAN loop: f = .61771E+01
  Best function value before: f = .68996E+02
  Improvement from best function value:    91.05 %
  Improvement from last loop:    91.05 %
  Maximum violation of target distance:     0.126198
  Maximum violation of the constraints: .66284E+00
  All-type function value: .61771E+01

--------------------------------------------------------------------------------


--------------------------------------------------------------------------------

  Starting GENCAN loop:            2
  Scaling radii by:    1.1000000000000001     

  Packing:|0                                                        100%|
          |*************************************************************|

  Function value from last GENCAN loop: f = .98427E+00
  Best function value before: f = .61771E+01
  Improvement from best function value:    84.07 %
  Improvement from last loop:    84.07 %
  Maximum violation of target distance:     0.000000
  Maximum violation of the constraints: .28089E+00
  All-type function value: .98427E+00

--------------------------------------------------------------------------------


--------------------------------------------------------------------------------

  Starting GENCAN loop:            3
  Scaling radii by:    1.1000000000000001     

  Packing:|0                                                        100%|
          |*************************************************************|

  Function value from last GENCAN loop: f = .13351E+00
  Best function value before: f = .98427E+00
  Improvement from best function value:    86.44 %
  Improvement from last loop:    86.44 %
  Maximum violation of target distance:     0.000000
  Maximum violation of the constraints: .56789E-01
  All-type function value: .13351E+00

--------------------------------------------------------------------------------


--------------------------------------------------------------------------------

  Starting GENCAN loop:            4
  Scaling radii by:    1.1000000000000001     

  Packing:|0                                                        100%|
          |***************************************

  Function value from last GENCAN loop: f = .25497E-01
  Best function value before: f = .13351E+00
  Improvement from best function value:    80.90 %
  Improvement from last loop:    80.90 %
  Maximum violation of target distance:     0.000000
  Maximum violation of the constraints: .98013E-02
  Current structure written to file: /root/lmp-work/.compat/opls_runlmp_dryrun_ethanol/system.xyz
--------------------------------------------------------------------------------
  Packing solved for molecules of type           1
  Objective function value:    2.5497315689548859E-002
  Maximum violation of target distance:    0.0000000000000000     
  Max. constraint violation:    9.8013263392116422E-003
--------------------------------------------------------------------------------

################################################################################

  Packing all molecules together 

################################################################################


  Initial approximation is a solution. Nothing to do. 

  Solution written to file: /root/lmp-work/.compat/opls_runlmp_dryrun_ethanol/system.xyz

################################################################################

                                 Success! 
              Final objective function value: .40446E-01
              Maximum violation of target distance:   0.000000
              Maximum violation of the constraints: .98013E-02

--------------------------------------------------------------------------------

              Please cite this work if Packmol was useful: 

           L. Martinez, R. Andrade, E. G. Birgin, J. M. Martinez, 
         PACKMOL: A package for building initial configurations for
                   molecular dynamics simulations. 
        Journal of Computational Chemistry, 30(13) pp. 2157-2164, 2009.
                  https://doi.org/10.1002/jcc.21224

################################################################################

   Running time:    6.90240002      seconds. 

--------------------------------------------------------------------------------


