2026-04-07 06:35:36 — INFO — INPUT SMILE: CO
2026-04-07 06:35:36 — INFO — NUMBER OF OPTIMIZATIONS: 0
2026-04-07 06:35:36 — INFO — Generating molecule from input SMILES: CO
2026-04-07 06:35:36 — INFO — Center of mass position:  0.279 -0.016  0.269
2026-04-07 06:35:36 — INFO — Closest atom to the center of mass: O  1 with distance :  0.695  (A) 
2026-04-07 06:35:36 — INFO — MOLECULE CHARGE USED: 0
2026-04-07 06:35:36 — INFO — CHARGE ALGORITHM USED: CM1A-LBCC
2026-04-07 06:35:36 — INFO — RESIDUE NAME USED: MOL
2026-04-07 06:35:36 — INFO — Parsing Bonds, Angles and dihedrals
2026-04-07 06:35:36 — INFO — Parsing Atoms
2026-04-07 06:35:36 — INFO — --- SUMMARY MOLECULE STRUCTURE ---
2026-04-07 06:35:36 — INFO — Number of Atoms: 9
2026-04-07 06:35:36 — INFO — Number of Variable Bonds: 5
2026-04-07 06:35:36 — INFO — Number of Additional Bonds: 0
2026-04-07 06:35:36 — INFO — Number of Variable Angles: 4
2026-04-07 06:35:36 — INFO — Number of Additional Angles: 3
2026-04-07 06:35:36 — INFO — Number of Variable Torsions: 1
2026-04-07 06:35:36 — INFO — Number of Additional Torsions: 2
2026-04-07 06:35:36 — INFO — Number of excluded Atoms: 0
2026-04-07 06:35:36 — INFO — Generating Zmat
2026-04-07 06:35:36 — INFO — Running BOSS
2026-04-07 06:35:38 — INFO — Parsing BOSS molecule outputs
2026-04-07 06:35:38 — INFO — Generating Q inputs
2026-04-07 06:35:38 — INFO — Generating Gromacs inputs
2026-04-07 06:35:38 — INFO — Generating CHARMM/NAMD inputs
2026-04-07 06:35:38 — INFO — Generating TINKER inputs
2026-04-07 06:35:38 — INFO — Generating openMM inputs
2026-04-07 06:35:38 — INFO — Generating PQR inputs
2026-04-07 06:35:38 — INFO — Generating DESMOND inputs
2026-04-07 06:35:38 — INFO — Generating LAMMPS inputs
2026-04-07 06:35:38 — INFO — Generating XPLOR inputs
2026-04-07 06:35:38 — INFO —             
    
                    LigParGen finished succesfully!
    
    Please do not forget to cite the following references: 

        1. LigParGen web server: an automatic OPLS-AA parameter generator for organic ligands  
           Leela S. Dodda  Israel Cabeza de Vaca  Julian Tirado-Rives William L. Jorgensen 
           Nucleic Acids Research, Volume 45, Issue W1, 3 July 2017, Pages W331–W336

        2. 1.14*CM1A-LBCC: Localized Bond-Charge Corrected CM1A Charges for Condensed-Phase Simulations
    
