
################################################################################

 PACKMOL - Packing optimization for the automated generation of
 starting configurations for molecular dynamics simulations.
 
                                                             Version 21.2.1 

################################################################################

  Packmol must be run with: packmol < inputfile.inp 

  Userguide at: http://m3g.iqm.unicamp.br/packmol 

  Reading input file... (Control-C aborts)
  Types of coordinate files specified: xyz
  Seed for random number generator:       192911
  Output file: /root/lmp-work/.compat/ligpargen_buildsystem_smoke2/system.xyz
  Reading coordinate file: /root/lmp-work/.compat/ligpargen_buildsystem_smoke2/methanol_opls_smoke2.xyz
  Number of independent structures:            1
  The structures are: 
  Structure            1 :(           6  atoms)
  Maximum number of GENCAN loops for all molecule packing:           50
  Distance tolerance:    2.0000000000000000     
  Number of molecules of type            1 :            4
  Total number of restrictions:            1
  Total number of atoms:           24
  Total number of molecules:            4
  Number of fixed molecules:            0
  Number of free molecules:            4
  Number of variables:           24
  Total number of fixed atoms:            0
  Maximum internal distance of type            1 :    2.8429190393280637     
  All atoms must be within these coordinates: 
   x: [   -996.79999999999995      ,    1003.2000000000000       ] 
   y: [   -996.79999999999995      ,    1003.2000000000000       ] 
   z: [   -996.79999999999995      ,    1003.2000000000000       ] 
  If the system is larger than this, increase the sidemax parameter. 

################################################################################

  Building initial approximation ... 

################################################################################

  Adjusting initial point to fit the constraints 

--------------------------------------------------------------------------------

--------------------------------------------------------------------------------

  Molecules of type:            1

  Packing:|0                                                        100%|
          |************

  Restraint-only function value:    2.1676183576840601E-002
  Maximum violation of the restraints:    6.8293889589451581E-003

--------------------------------------------------------------------------------

  Rescaling maximum and minimum coordinates... 
  Mininum and maximum coordinates after constraint fitting: 
   x: [    1.9749358845267297      ,    4.8466009388732498       ] 
   y: [    1.9187820930627877      ,    4.9007011171280945       ] 
   z: [    1.9577234315834529      ,    4.8139659701681197       ] 
  Computing size of patches... 
  Number of cells in each direction and cell sides: 
   x:            3  cells of size    2.4238883514488401     
   y:            3  cells of size    2.4606396746884358     
   z:            3  cells of size    2.4187475128615556     
  Cell-system length:    7.27167   7.38192   7.25624
  Reseting center of mass... 

--------------------------------------------------------------------------------

  Setting initial trial coordinates ... 

--------------------------------------------------------------------------------

--------------------------------------------------------------------------------

  Molecules of type:            1
  Adjusting random positions to fit the constraints. 
  Packing:|0                                                        100%|
          |******
  Restraint-only function value:    0.0000000000000000     
  Maximum violation of the restraints:    0.0000000000000000     

################################################################################

  Objective function at initial point:    782.14108325411291     

################################################################################

  Packing molecules of type:            1

################################################################################


--------------------------------------------------------------------------------

  Starting GENCAN loop:            0
  Scaling radii by:    1.1000000000000001     

  Packing:|0                                                        100%|
          |*************************************************************|

  Function value from last GENCAN loop: f = .10921E+02
  Best function value before: f = .78214E+03
  Improvement from best function value:    98.60 %
  Improvement from last loop:    98.60 %
  Maximum violation of target distance:     0.000000
  Maximum violation of the constraints: .15929E+01
  All-type function value: .10921E+02

--------------------------------------------------------------------------------


--------------------------------------------------------------------------------

  Starting GENCAN loop:            1
  Scaling radii by:    1.1000000000000001     

  Packing:|0                                                        100%|
          |*************************************************************|

  Function value from last GENCAN loop: f = .83854E+01
  Best function value before: f = .10921E+02
  Improvement from best function value:    23.22 %
  Improvement from last loop:    23.22 %
  Maximum violation of target distance:     0.000000
  Maximum violation of the constraints: .14376E+01
  All-type function value: .83854E+01

--------------------------------------------------------------------------------


--------------------------------------------------------------------------------

  Starting GENCAN loop:            2
  Scaling radii by:    1.1000000000000001     

  Packing:|0                                                        100%|
          |*************************************************************|

  Function value from last GENCAN loop: f = .73022E+01
  Best function value before: f = .83854E+01
  Improvement from best function value:    12.92 %
  Improvement from last loop:    12.92 %
  Maximum violation of target distance:     0.000000
  Maximum violation of the constraints: .15705E+01
  All-type function value: .73022E+01

--------------------------------------------------------------------------------


--------------------------------------------------------------------------------

  Starting GENCAN loop:            3
  Scaling radii by:    1.1000000000000001     

  Packing:|0                                                        100%|
          |*************************************************************|

  Function value from last GENCAN loop: f = .54659E+01
  Best function value before: f = .73022E+01
  Improvement from best function value:    25.15 %
  Improvement from last loop:    25.15 %
  Maximum violation of target distance:     0.000000
  Maximum violation of the constraints: .80611E+00
  All-type function value: .54659E+01

--------------------------------------------------------------------------------


--------------------------------------------------------------------------------

  Starting GENCAN loop:            4
  Scaling radii by:    1.1000000000000001     

  Packing:|0                                                        100%|
          |*************************************************************|

  Function value from last GENCAN loop: f = .54326E+01
  Best function value before: f = .54659E+01
  Improvement from best function value:     0.61 %
  Improvement from last loop:     0.61 %
  Maximum violation of target distance:     0.000000
  Maximum violation of the constraints: .81301E+00
  All-type function value: .54326E+01

--------------------------------------------------------------------------------

  Moving worst molecules ... 
  Function value before moving molecules:   5.4326398778251859     
  Type         1 molecules with non-zero contributions:  100.00%
  Moving         1 molecules of type         1
  New positions will be based on good molecules (movebadrandom is not set) 
   Moving:|0                                                        100%|
          |*************************************************************|
  Function value after moving molecules:   135.75630616001627     

--------------------------------------------------------------------------------

  Starting GENCAN loop:            5
  Scaling radii by:    1.0000000000000000     

  Packing:|0                                                        100%|
          |*************************************************************|

  Function value from last GENCAN loop: f = .38918E+01
  Best function value before: f = .54326E+01
  Improvement from best function value:    28.36 %
  Improvement from last loop:    97.13 %
  Maximum violation of target distance:     0.199719
  Maximum violation of the constraints: .62742E+00
  All-type function value: .38918E+01

--------------------------------------------------------------------------------


--------------------------------------------------------------------------------

  Starting GENCAN loop:            6
  Scaling radii by:    1.0000000000000000     

  Packing:|0                                                        100%|
          |*************************************************************|

  Function value from last GENCAN loop: f = .38832E+01
  Best function value before: f = .38918E+01
  Improvement from best function value:     0.22 %
  Improvement from last loop:     0.22 %
  Maximum violation of target distance:     0.194381
  Maximum violation of the constraints: .63438E+00
  All-type function value: .38832E+01

--------------------------------------------------------------------------------

  Moving worst molecules ... 
  Function value before moving molecules:   3.8831686859792405     
  Type         1 molecules with non-zero contributions:  100.00%
  Moving         1 molecules of type         1
  New positions will be based on good molecules (movebadrandom is not set) 
   Moving:|0                                                        100%|
          |*************************************************************|
  Function value after moving molecules:   182.40431389114991     

--------------------------------------------------------------------------------

  Starting GENCAN loop:            7
  Scaling radii by:    1.0000000000000000     

  Packing:|0                                                        100%|
          |*************************************************************|

  Function value from last GENCAN loop: f = .41983E+01
  Best function value before: f = .38832E+01
  Improvement from best function value:    -8.12 %
  Improvement from last loop:    97.70 %
  Maximum violation of target distance:     0.337769
  Maximum violation of the constraints: .72856E+00
  All-type function value: .41983E+01

--------------------------------------------------------------------------------


--------------------------------------------------------------------------------

  Starting GENCAN loop:            8
  Scaling radii by:    1.0000000000000000     

  Packing:|0                                                        100%|
          |*************************************************************|

  Function value from last GENCAN loop: f = .31891E+01
  Best function value before: f = .38832E+01
  Improvement from best function value:    17.87 %
  Improvement from last loop:    24.04 %
  Maximum violation of target distance:     0.124743
  Maximum violation of the constraints: .49287E+00
  All-type function value: .31891E+01

--------------------------------------------------------------------------------


--------------------------------------------------------------------------------

  Starting GENCAN loop:            9
  Scaling radii by:    1.0000000000000000     

  Packing:|0                                                        100%|
          |************************************************

  Function value from last GENCAN loop: f = .31891E+01
  Best function value before: f = .31891E+01
  Improvement from best function value:     0.00 %
  Improvement from last loop:     0.00 %
  Maximum violation of target distance:     0.124202
  Maximum violation of the constraints: .49224E+00
  All-type function value: .31891E+01

--------------------------------------------------------------------------------

  Moving worst molecules ... 
  Function value before moving molecules:   3.1890912668436160     
  Type         1 molecules with non-zero contributions:  100.00%
  Moving         1 molecules of type         1
  New positions will be based on good molecules (movebadrandom is not set) 
   Moving:|0                                                        100%|
          |*************************************************************|
  Function value after moving molecules:   172.34032742421624     

--------------------------------------------------------------------------------

  Starting GENCAN loop:           10
  Scaling radii by:    1.0000000000000000     

  Packing:|0                                                        100%|
          |*************************************************************|

  Function value from last GENCAN loop: f = .55263E+01
  Best function value before: f = .31891E+01
  Improvement from best function value:   -73.29 %
  Improvement from last loop:    96.79 %
  Maximum violation of target distance:     0.115488
  Maximum violation of the constraints: .15214E+01
  All-type function value: .55263E+01

--------------------------------------------------------------------------------


--------------------------------------------------------------------------------

  Starting GENCAN loop:           11
  Scaling radii by:    1.0000000000000000     

  Packing:|0                                                        100%|
          |*********************************************************

  Function value from last GENCAN loop: f = .55256E+01
  Best function value before: f = .31891E+01
  Improvement from best function value:   -73.27 %
  Improvement from last loop:     0.01 %
  Maximum violation of target distance:     0.120824
  Maximum violation of the constraints: .15176E+01
  All-type function value: .55256E+01

--------------------------------------------------------------------------------

  Moving worst molecules ... 
  Function value before moving molecules:   5.5256268818073480     
  Type         1 molecules with non-zero contributions:  100.00%
  Moving         1 molecules of type         1
  New positions will be based on good molecules (movebadrandom is not set) 
   Moving:|0                                                        100%|
          |*************************************************************|
  Function value after moving molecules:   162.87617803372603     

--------------------------------------------------------------------------------

  Starting GENCAN loop:           12
  Scaling radii by:    1.0000000000000000     

  Packing:|0                                                        100%|
          |*************************************************************|

  Function value from last GENCAN loop: f = .78596E+01
  Best function value before: f = .31891E+01
  Improvement from best function value:   -99.99 %
  Improvement from last loop:    95.17 %
  Maximum violation of target distance:     0.415241
  Maximum violation of the constraints: .13811E+01
  All-type function value: .78596E+01

--------------------------------------------------------------------------------


--------------------------------------------------------------------------------

  Starting GENCAN loop:           13
  Scaling radii by:    1.0000000000000000     

  Packing:|0                                                        100%|
          |*************************************************************|

  Function value from last GENCAN loop: f = .71543E+01
  Best function value before: f = .31891E+01
  Improvement from best function value:   -99.99 %
  Improvement from last loop:     8.97 %
  Maximum violation of target distance:     0.237696
  Maximum violation of the constraints: .14993E+01
  All-type function value: .71543E+01

--------------------------------------------------------------------------------

  Moving worst molecules ... 
  Function value before moving molecules:   7.1542835622596952     
  Type         1 molecules with non-zero contributions:  100.00%
  Moving         1 molecules of type         1
  New positions will be based on good molecules (movebadrandom is not set) 
   Moving:|0                                                        100%|
          |*************************************************************|
  Function value after moving molecules:   120.05772361498406     

--------------------------------------------------------------------------------

  Starting GENCAN loop:           14
  Scaling radii by:    1.0000000000000000     

  Packing:|0                                                        100%|
          |*************************************************************|

  Function value from last GENCAN loop: f = .65621E+01
  Best function value before: f = .31891E+01
  Improvement from best function value:   -99.99 %
  Improvement from last loop:    94.53 %
  Maximum violation of target distance:     0.255549
  Maximum violation of the constraints: .10074E+01
  All-type function value: .65621E+01

--------------------------------------------------------------------------------


--------------------------------------------------------------------------------

  Starting GENCAN loop:           15
  Scaling radii by:    1.0000000000000000     

  Packing:|0                                                        100%|
          |*************************************************************|

  Function value from last GENCAN loop: f = .47754E+01
  Best function value before: f = .31891E+01
  Improvement from best function value:   -49.74 %
  Improvement from last loop:    27.23 %
  Maximum violation of target distance:     0.194779
  Maximum violation of the constraints: .68319E+00
  All-type function value: .47754E+01

--------------------------------------------------------------------------------


--------------------------------------------------------------------------------

  Starting GENCAN loop:           16
  Scaling radii by:    1.0000000000000000     

  Packing:|0                                                        100%|
          |*************************************************************|

  Function value from last GENCAN loop: f = .45696E+01
  Best function value before: f = .31891E+01
  Improvement from best function value:   -43.29 %
  Improvement from last loop:     4.31 %
  Maximum violation of target distance:     0.173137
  Maximum violation of the constraints: .67073E+00
  All-type function value: .45696E+01

--------------------------------------------------------------------------------

  Moving worst molecules ... 
  Function value before moving molecules:   4.5695952376281967     
  Type         1 molecules with non-zero contributions:  100.00%
  Moving         1 molecules of type         1
  New positions will be based on good molecules (movebadrandom is not set) 
   Moving:|0                                                        100%|
          |*************************************************************|
  Function value after moving molecules:   123.68942274108673     

--------------------------------------------------------------------------------

  Starting GENCAN loop:           17
  Scaling radii by:    1.0000000000000000     

  Packing:|0                                                        100%|
          |*************************************************************|

  Function value from last GENCAN loop: f = .43055E+01
  Best function value before: f = .31891E+01
  Improvement from best function value:   -35.01 %
  Improvement from last loop:    96.52 %
  Maximum violation of target distance:     0.177183
  Maximum violation of the constraints: .69433E+00
  All-type function value: .43055E+01

--------------------------------------------------------------------------------


--------------------------------------------------------------------------------

  Starting GENCAN loop:           18
  Scaling radii by:    1.0000000000000000     

  Packing:|0                                                        100%|
          |*************************************************************|

  Function value from last GENCAN loop: f = .42018E+01
  Best function value before: f = .31891E+01
  Improvement from best function value:   -31.75 %
  Improvement from last loop:     2.41 %
  Maximum violation of target distance:     0.151975
  Maximum violation of the constraints: .70623E+00
  All-type function value: .42018E+01

--------------------------------------------------------------------------------

  Moving worst molecules ... 
  Function value before moving molecules:   4.2017589466696608     
  Type         1 molecules with non-zero contributions:  100.00%
  Moving         1 molecules of type         1
  New positions will be based on good molecules (movebadrandom is not set) 
   Moving:|0                                                        100%|
          |*************************************************************|
  Function value after moving molecules:   164.84556987389419     

--------------------------------------------------------------------------------

  Starting GENCAN loop:           19
  Scaling radii by:    1.0000000000000000     

  Packing:|0                                                        100%|
          |*************************************************************|

  Function value from last GENCAN loop: f = .44477E+01
  Best function value before: f = .31891E+01
  Improvement from best function value:   -39.47 %
  Improvement from last loop:    97.30 %
  Maximum violation of target distance:     0.230894
  Maximum violation of the constraints: .60220E+00
  All-type function value: .44477E+01

--------------------------------------------------------------------------------


--------------------------------------------------------------------------------

  Starting GENCAN loop:           20
  Scaling radii by:    1.0000000000000000     

  Packing:|0                                                        100%|
          |*********************************************************

  Function value from last GENCAN loop: f = .42939E+01
  Best function value before: f = .31891E+01
  Improvement from best function value:   -34.64 %
  Improvement from last loop:     3.46 %
  Maximum violation of target distance:     0.137583
  Maximum violation of the constraints: .61763E+00
  All-type function value: .42939E+01

--------------------------------------------------------------------------------

  Moving worst molecules ... 
  Function value before moving molecules:   4.2939114347529221     
  Type         1 molecules with non-zero contributions:  100.00%
  Moving         1 molecules of type         1
  New positions will be based on good molecules (movebadrandom is not set) 
   Moving:|0                                                        100%|
          |*************************************************************|
  Function value after moving molecules:   171.25602454973543     

--------------------------------------------------------------------------------

  Starting GENCAN loop:           21
  Scaling radii by:    1.0000000000000000     

  Packing:|0                                                        100%|
          |*************************************************************|

  Function value from last GENCAN loop: f = .64144E+01
  Best function value before: f = .31891E+01
  Improvement from best function value:   -99.99 %
  Improvement from last loop:    96.25 %
  Maximum violation of target distance:     0.371762
  Maximum violation of the constraints: .11104E+01
  All-type function value: .64144E+01

--------------------------------------------------------------------------------


--------------------------------------------------------------------------------

  Starting GENCAN loop:           22
  Scaling radii by:    1.0000000000000000     

  Packing:|0                                                        100%|
          |*************************************************************|

  Function value from last GENCAN loop: f = .46286E+01
  Best function value before: f = .31891E+01
  Improvement from best function value:   -45.14 %
  Improvement from last loop:    27.84 %
  Maximum violation of target distance:     0.115997
  Maximum violation of the constraints: .11375E+01
  All-type function value: .46286E+01

--------------------------------------------------------------------------------


--------------------------------------------------------------------------------

  Starting GENCAN loop:           23
  Scaling radii by:    1.0000000000000000     

  Packing:|0                                                        100%|
          |*************************************************************|

  Function value from last GENCAN loop: f = .46157E+01
  Best function value before: f = .31891E+01
  Improvement from best function value:   -44.73 %
  Improvement from last loop:     0.28 %
  Maximum violation of target distance:     0.125269
  Maximum violation of the constraints: .11000E+01
  All-type function value: .46157E+01

--------------------------------------------------------------------------------

  Moving worst molecules ... 
  Function value before moving molecules:   4.6156695507164294     
  Type         1 molecules with non-zero contributions:  100.00%
  Moving         1 molecules of type         1
  New positions will be based on good molecules (movebadrandom is not set) 
   Moving:|0                                                        100%|
          |*************************************************************|
  Function value after moving molecules:   170.08350489340509     

--------------------------------------------------------------------------------

  Starting GENCAN loop:           24
  Scaling radii by:    1.0000000000000000     

  Packing:|0                                                        100%|
          |*************************************************************|

  Function value from last GENCAN loop: f = .66155E+01
  Best function value before: f = .31891E+01
  Improvement from best function value:   -99.99 %
  Improvement from last loop:    96.11 %
  Maximum violation of target distance:     0.261996
  Maximum violation of the constraints: .13149E+01
  All-type function value: .66155E+01

--------------------------------------------------------------------------------


--------------------------------------------------------------------------------

  Starting GENCAN loop:           25
  Scaling radii by:    1.0000000000000000     

  Packing:|0                                                        100%|
          |*************************************************************|

  Function value from last GENCAN loop: f = .63303E+01
  Best function value before: f = .31891E+01
  Improvement from best function value:   -98.50 %
  Improvement from last loop:     4.31 %
  Maximum violation of target distance:     0.193939
  Maximum violation of the constraints: .13759E+01
  All-type function value: .63303E+01

--------------------------------------------------------------------------------

  Moving worst molecules ... 
  Function value before moving molecules:   6.3303365419189985     
  Type         1 molecules with non-zero contributions:  100.00%
  Moving         1 molecules of type         1
  New positions will be based on good molecules (movebadrandom is not set) 
   Moving:|0                                                        100%|
          |*************************************************************|
  Function value after moving molecules:   148.63700493226955     

--------------------------------------------------------------------------------

  Starting GENCAN loop:           26
  Scaling radii by:    1.0000000000000000     

  Packing:|0                                                        100%|
          |*************************************************************|

  Function value from last GENCAN loop: f = .48076E+01
  Best function value before: f = .31891E+01
  Improvement from best function value:   -50.75 %
  Improvement from last loop:    96.77 %
  Maximum violation of target distance:     0.374578
  Maximum violation of the constraints: .10211E+01
  All-type function value: .48076E+01

--------------------------------------------------------------------------------


--------------------------------------------------------------------------------

  Starting GENCAN loop:           27
  Scaling radii by:    1.0000000000000000     

  Packing:|0                                                        100%|
          |*************************************************************|

  Function value from last GENCAN loop: f = .38581E+01
  Best function value before: f = .31891E+01
  Improvement from best function value:   -20.98 %
  Improvement from last loop:    19.75 %
  Maximum violation of target distance:     0.148524
  Maximum violation of the constraints: .70564E+00
  All-type function value: .38581E+01

--------------------------------------------------------------------------------


--------------------------------------------------------------------------------

  Starting GENCAN loop:           28
  Scaling radii by:    1.0000000000000000     

  Packing:|0                                                        100%|
          |*************************************************************|

  Function value from last GENCAN loop: f = .38525E+01
  Best function value before: f = .31891E+01
  Improvement from best function value:   -20.80 %
  Improvement from last loop:     0.14 %
  Maximum violation of target distance:     0.180065
  Maximum violation of the constraints: .70551E+00
  All-type function value: .38525E+01

--------------------------------------------------------------------------------

  Moving worst molecules ... 
  Function value before moving molecules:   3.8525432773458634     
  Type         1 molecules with non-zero contributions:  100.00%
  Moving         1 molecules of type         1
  New positions will be based on good molecules (movebadrandom is not set) 
   Moving:|0                                                        100%|
          |*************************************************************|
  Function value after moving molecules:   177.79327630738342     

--------------------------------------------------------------------------------

  Starting GENCAN loop:           29
  Scaling radii by:    1.0000000000000000     

  Packing:|0                                                        100%|
          |*************************************************************|

  Function value from last GENCAN loop: f = .85045E+01
  Best function value before: f = .31891E+01
  Improvement from best function value:   -99.99 %
  Improvement from last loop:    95.22 %
  Maximum violation of target distance:     0.624025
  Maximum violation of the constraints: .11533E+01
  All-type function value: .85045E+01

--------------------------------------------------------------------------------


--------------------------------------------------------------------------------

  Starting GENCAN loop:           30
  Scaling radii by:    1.0000000000000000     

  Packing:|0                                                        100%|
          |*************************************************************|

  Function value from last GENCAN loop: f = .64903E+01
  Best function value before: f = .31891E+01
  Improvement from best function value:   -99.99 %
  Improvement from last loop:    23.68 %
  Maximum violation of target distance:     0.204253
  Maximum violation of the constraints: .10830E+01
  All-type function value: .64903E+01

--------------------------------------------------------------------------------


--------------------------------------------------------------------------------

  Starting GENCAN loop:           31
  Scaling radii by:    1.0000000000000000     

  Packing:|0                                                        100%|
          |*************************************************************|

  Function value from last GENCAN loop: f = .63311E+01
  Best function value before: f = .31891E+01
  Improvement from best function value:   -98.52 %
  Improvement from last loop:     2.45 %
  Maximum violation of target distance:     0.220033
  Maximum violation of the constraints: .85297E+00
  All-type function value: .63311E+01

--------------------------------------------------------------------------------

  Moving worst molecules ... 
  Function value before moving molecules:   6.3310922614848044     
  Type         1 molecules with non-zero contributions:  100.00%
  Moving         1 molecules of type         1
  New positions will be based on good molecules (movebadrandom is not set) 
   Moving:|0                                                        100%|
          |*************************************************************|
  Function value after moving molecules:   150.38631288631368     

--------------------------------------------------------------------------------

  Starting GENCAN loop:           32
  Scaling radii by:    1.0000000000000000     

  Packing:|0                                                        100%|
          |*************************************************************|

  Function value from last GENCAN loop: f = .86491E+01
  Best function value before: f = .31891E+01
  Improvement from best function value:   -99.99 %
  Improvement from last loop:    94.25 %
  Maximum violation of target distance:     0.357025
  Maximum violation of the constraints: .17534E+01
  All-type function value: .86491E+01

--------------------------------------------------------------------------------


--------------------------------------------------------------------------------

  Starting GENCAN loop:           33
  Scaling radii by:    1.0000000000000000     

  Packing:|0                                                        100%|
          |*************************************************************|

  Function value from last GENCAN loop: f = .77081E+01
  Best function value before: f = .31891E+01
  Improvement from best function value:   -99.99 %
  Improvement from last loop:    10.88 %
  Maximum violation of target distance:     0.217723
  Maximum violation of the constraints: .15704E+01
  All-type function value: .77081E+01

--------------------------------------------------------------------------------


--------------------------------------------------------------------------------

  Starting GENCAN loop:           34
  Scaling radii by:    1.0000000000000000     

  Packing:|0                                                        100%|
          |******

  Function value from last GENCAN loop: f = .77081E+01
  Best function value before: f = .31891E+01
  Improvement from best function value:   -99.99 %
  Improvement from last loop:     0.00 %
  Maximum violation of target distance:     0.217723
  Maximum violation of the constraints: .15704E+01
  All-type function value: .77081E+01

--------------------------------------------------------------------------------

  Moving worst molecules ... 
  Function value before moving molecules:   7.7081273384967677     
  Type         1 molecules with non-zero contributions:  100.00%
  Moving         1 molecules of type         1
  New positions will be based on good molecules (movebadrandom is not set) 
   Moving:|0                                                        100%|
          |*************************************************************|
  Function value after moving molecules:   166.60143658627095     

--------------------------------------------------------------------------------

  Starting GENCAN loop:           35
  Scaling radii by:    1.0000000000000000     

  Packing:|0                                                        100%|
          |*************************************************************|

  Function value from last GENCAN loop: f = .54601E+01
  Best function value before: f = .31891E+01
  Improvement from best function value:   -71.21 %
  Improvement from last loop:    96.72 %
  Maximum violation of target distance:     0.366901
  Maximum violation of the constraints: .77556E+00
  All-type function value: .54601E+01

--------------------------------------------------------------------------------


--------------------------------------------------------------------------------

  Starting GENCAN loop:           36
  Scaling radii by:    1.0000000000000000     

  Packing:|0                                                        100%|
          |***************************************************

  Function value from last GENCAN loop: f = .48845E+01
  Best function value before: f = .31891E+01
  Improvement from best function value:   -53.16 %
  Improvement from last loop:    10.54 %
  Maximum violation of target distance:     0.172025
  Maximum violation of the constraints: .93512E+00
  All-type function value: .48845E+01

--------------------------------------------------------------------------------


--------------------------------------------------------------------------------

  Starting GENCAN loop:           37
  Scaling radii by:    1.0000000000000000     

  Packing:|0                                                        100%|
          |

  Function value from last GENCAN loop: f = .48845E+01
  Best function value before: f = .31891E+01
  Improvement from best function value:   -53.16 %
  Improvement from last loop:    -0.00 %
  Maximum violation of target distance:     0.172025
  Maximum violation of the constraints: .93512E+00
  All-type function value: .48845E+01

--------------------------------------------------------------------------------

  Moving worst molecules ... 
  Function value before moving molecules:   4.8845470572417264     
  Type         1 molecules with non-zero contributions:  100.00%
  Moving         1 molecules of type         1
  New positions will be based on good molecules (movebadrandom is not set) 
   Moving:|0                                                        100%|
          |*************************************************************|
  Function value after moving molecules:   133.96648457115137     

--------------------------------------------------------------------------------

  Starting GENCAN loop:           38
  Scaling radii by:    1.0000000000000000     

  Packing:|0                                                        100%|
          |*************************************************************|

  Function value from last GENCAN loop: f = .54581E+01
  Best function value before: f = .31891E+01
  Improvement from best function value:   -71.15 %
  Improvement from last loop:    95.93 %
  Maximum violation of target distance:     0.205212
  Maximum violation of the constraints: .12026E+01
  All-type function value: .54581E+01

--------------------------------------------------------------------------------


--------------------------------------------------------------------------------

  Starting GENCAN loop:           39
  Scaling radii by:    1.0000000000000000     

  Packing:|0                                                        100%|
          |*************************************************************|

  Function value from last GENCAN loop: f = .47152E+01
  Best function value before: f = .31891E+01
  Improvement from best function value:   -47.85 %
  Improvement from last loop:    13.61 %
  Maximum violation of target distance:     0.180686
  Maximum violation of the constraints: .75776E+00
  All-type function value: .47152E+01

--------------------------------------------------------------------------------


--------------------------------------------------------------------------------

  Starting GENCAN loop:           40
  Scaling radii by:    1.0000000000000000     

  Packing:|0                                                        100%|
          |*************************************************************|

  Function value from last GENCAN loop: f = .46761E+01
  Best function value before: f = .31891E+01
  Improvement from best function value:   -46.63 %
  Improvement from last loop:     0.83 %
  Maximum violation of target distance:     0.133946
  Maximum violation of the constraints: .79892E+00
  All-type function value: .46761E+01

--------------------------------------------------------------------------------

  Moving worst molecules ... 
  Function value before moving molecules:   4.6761292931290575     
  Type         1 molecules with non-zero contributions:  100.00%
  Moving         1 molecules of type         1
  New positions will be based on good molecules (movebadrandom is not set) 
   Moving:|0                                                        100%|
          |*************************************************************|
  Function value after moving molecules:   172.62919824485442     

--------------------------------------------------------------------------------

  Starting GENCAN loop:           41
  Scaling radii by:    1.0000000000000000     

  Packing:|0                                                        100%|
          |*************************************************************|

  Function value from last GENCAN loop: f = .51630E+01
  Best function value before: f = .31891E+01
  Improvement from best function value:   -61.90 %
  Improvement from last loop:    97.01 %
  Maximum violation of target distance:     0.203841
  Maximum violation of the constraints: .90114E+00
  All-type function value: .51630E+01

--------------------------------------------------------------------------------


--------------------------------------------------------------------------------

  Starting GENCAN loop:           42
  Scaling radii by:    1.0000000000000000     

  Packing:|0                                                        100%|
          |*************************************************************|

  Function value from last GENCAN loop: f = .44935E+01
  Best function value before: f = .31891E+01
  Improvement from best function value:   -40.90 %
  Improvement from last loop:    12.97 %
  Maximum violation of target distance:     0.143442
  Maximum violation of the constraints: .62912E+00
  All-type function value: .44935E+01

--------------------------------------------------------------------------------


--------------------------------------------------------------------------------

  Starting GENCAN loop:           43
  Scaling radii by:    1.0000000000000000     

  Packing:|0                                                        100%|
          |************************************************

  Function value from last GENCAN loop: f = .44934E+01
  Best function value before: f = .31891E+01
  Improvement from best function value:   -40.90 %
  Improvement from last loop:     0.00 %
  Maximum violation of target distance:     0.143390
  Maximum violation of the constraints: .62895E+00
  All-type function value: .44934E+01

--------------------------------------------------------------------------------

  Moving worst molecules ... 
  Function value before moving molecules:   4.4934485738600047     
  Type         1 molecules with non-zero contributions:  100.00%
  Moving         1 molecules of type         1
  New positions will be based on good molecules (movebadrandom is not set) 
   Moving:|0                                                        100%|
          |*************************************************************|
  Function value after moving molecules:   166.23903162445833     

--------------------------------------------------------------------------------

  Starting GENCAN loop:           44
  Scaling radii by:    1.0000000000000000     

  Packing:|0                                                        100%|
          |*************************************************************|

  Function value from last GENCAN loop: f = .67433E+01
  Best function value before: f = .31891E+01
  Improvement from best function value:   -99.99 %
  Improvement from last loop:    95.94 %
  Maximum violation of target distance:     0.465942
  Maximum violation of the constraints: .11493E+01
  All-type function value: .67433E+01

--------------------------------------------------------------------------------


--------------------------------------------------------------------------------

  Starting GENCAN loop:           45
  Scaling radii by:    1.0000000000000000     

  Packing:|0                                                        100%|
          |*************************************************************|

  Function value from last GENCAN loop: f = .51274E+01
  Best function value before: f = .31891E+01
  Improvement from best function value:   -60.78 %
  Improvement from last loop:    23.96 %
  Maximum violation of target distance:     0.132109
  Maximum violation of the constraints: .11486E+01
  All-type function value: .51274E+01

--------------------------------------------------------------------------------


--------------------------------------------------------------------------------

  Starting GENCAN loop:           46
  Scaling radii by:    1.0000000000000000     

  Packing:|0                                                        100%|
          |*************************************************************|

  Function value from last GENCAN loop: f = .50623E+01
  Best function value before: f = .31891E+01
  Improvement from best function value:   -58.74 %
  Improvement from last loop:     1.27 %
  Maximum violation of target distance:     0.142853
  Maximum violation of the constraints: .10946E+01
  All-type function value: .50623E+01

--------------------------------------------------------------------------------

  Moving worst molecules ... 
  Function value before moving molecules:   5.0623499230945352     
  Type         1 molecules with non-zero contributions:  100.00%
  Moving         1 molecules of type         1
  New positions will be based on good molecules (movebadrandom is not set) 
   Moving:|0                                                        100%|
          |*************************************************************|
  Function value after moving molecules:   164.62766896939058     

--------------------------------------------------------------------------------

  Starting GENCAN loop:           47
  Scaling radii by:    1.0000000000000000     

  Packing:|0                                                        100%|
          |*************************************************************|

  Function value from last GENCAN loop: f = .45947E+01
  Best function value before: f = .31891E+01
  Improvement from best function value:   -44.07 %
  Improvement from last loop:    97.21 %
  Maximum violation of target distance:     0.244325
  Maximum violation of the constraints: .58237E+00
  All-type function value: .45947E+01

--------------------------------------------------------------------------------


--------------------------------------------------------------------------------

  Starting GENCAN loop:           48
  Scaling radii by:    1.0000000000000000     

  Packing:|0                                                        100%|
          |*************************************************************|

  Function value from last GENCAN loop: f = .36786E+01
  Best function value before: f = .31891E+01
  Improvement from best function value:   -15.35 %
  Improvement from last loop:    19.94 %
  Maximum violation of target distance:     0.115846
  Maximum violation of the constraints: .61561E+00
  All-type function value: .36786E+01

--------------------------------------------------------------------------------


--------------------------------------------------------------------------------

  Starting GENCAN loop:           49
  Scaling radii by:    1.0000000000000000     

  Packing:|0                                                        100%|
          |*************************************************************|

  Function value from last GENCAN loop: f = .36772E+01
  Best function value before: f = .31891E+01
  Improvement from best function value:   -15.30 %
  Improvement from last loop:     0.04 %
  Maximum violation of target distance:     0.118236
  Maximum violation of the constraints: .61474E+00
  All-type function value: .36772E+01

--------------------------------------------------------------------------------

  Moving worst molecules ... 
  Function value before moving molecules:   3.6771545626864794     
  Type         1 molecules with non-zero contributions:  100.00%
  Moving         1 molecules of type         1
  New positions will be based on good molecules (movebadrandom is not set) 
   Moving:|0                                                        100%|
          |*************************************************************|
  Function value after moving molecules:   169.94144898543843     

--------------------------------------------------------------------------------

  Starting GENCAN loop:           50
  Scaling radii by:    1.0000000000000000     

  Packing:|0                                                        100%|
          |*************************************************************|

  Function value from last GENCAN loop: f = .58392E+01
  Best function value before: f = .31891E+01
  Improvement from best function value:   -83.10 %
  Improvement from last loop:    96.56 %
  Maximum violation of target distance:     0.406035
  Maximum violation of the constraints: .93458E+00
  All-type function value: .58392E+01

--------------------------------------------------------------------------------

  Maximum number of GENCAN loops achieved.

################################################################################

  Packing all molecules together 

################################################################################


--------------------------------------------------------------------------------

  Starting GENCAN loop:            0
  Scaling radii by:    1.1000000000000001     

  Packing:|0                                                        100%|
          |*************************************************************|

  Function value from last GENCAN loop: f = .59911E+01
  Best function value before: f = .58392E+01
  Improvement from best function value:    -2.60 %
  Improvement from last loop:    -2.60 %
  Maximum violation of target distance:     0.000000
  Maximum violation of the constraints: .96262E+00

--------------------------------------------------------------------------------

  Moving worst molecules ... 
  Function value before moving molecules:   5.9910675078255444     
  Type         1 molecules with non-zero contributions:  100.00%
  Moving         1 molecules of type         1
  New positions will be based on good molecules (movebadrandom is not set) 
   Moving:|0                                                        100%|
          |*************************************************************|
  Function value after moving molecules:   129.38470854132495     

--------------------------------------------------------------------------------

  Starting GENCAN loop:            1
  Scaling radii by:    1.0000000000000000     

  Packing:|0                                                        100%|
          |*************************************************************|

  Function value from last GENCAN loop: f = .36729E+01
  Best function value before: f = .58392E+01
  Improvement from best function value:    37.10 %
  Improvement from last loop:    97.16 %
  Maximum violation of target distance:     0.141397
  Maximum violation of the constraints: .61821E+00

--------------------------------------------------------------------------------


--------------------------------------------------------------------------------

  Starting GENCAN loop:            2
  Scaling radii by:    1.0000000000000000     

  Packing:|0                                                        100%|
          |***************************

  Function value from last GENCAN loop: f = .36380E+01
  Best function value before: f = .36729E+01
  Improvement from best function value:     0.95 %
  Improvement from last loop:     0.95 %
  Maximum violation of target distance:     0.135865
  Maximum violation of the constraints: .58596E+00

--------------------------------------------------------------------------------

  Moving worst molecules ... 
  Function value before moving molecules:   3.6379553864964276     
  Type         1 molecules with non-zero contributions:  100.00%
  Moving         1 molecules of type         1
  New positions will be based on good molecules (movebadrandom is not set) 
   Moving:|0                                                        100%|
          |*************************************************************|
  Function value after moving molecules:   164.00272508213428     

--------------------------------------------------------------------------------

  Starting GENCAN loop:            3
  Scaling radii by:    1.0000000000000000     

  Packing:|0                                                        100%|
          |*************************************************************|

  Function value from last GENCAN loop: f = .59397E+01
  Best function value before: f = .36380E+01
  Improvement from best function value:   -63.27 %
  Improvement from last loop:    96.38 %
  Maximum violation of target distance:     0.240746
  Maximum violation of the constraints: .13601E+01

--------------------------------------------------------------------------------


--------------------------------------------------------------------------------

  Starting GENCAN loop:            4
  Scaling radii by:    1.0000000000000000     

  Packing:|0                                                        100%|
          |*********************************************************

  Function value from last GENCAN loop: f = .54108E+01
  Best function value before: f = .36380E+01
  Improvement from best function value:   -48.73 %
  Improvement from last loop:     8.91 %
  Maximum violation of target distance:     0.181960
  Maximum violation of the constraints: .13141E+01

--------------------------------------------------------------------------------

  Moving worst molecules ... 
  Function value before moving molecules:   5.4107998065438299     
  Type         1 molecules with non-zero contributions:  100.00%
  Moving         1 molecules of type         1
  New positions will be based on good molecules (movebadrandom is not set) 
   Moving:|0                                                        100%|
          |*************************************************************|
  Function value after moving molecules:   163.28446841675341     

--------------------------------------------------------------------------------

  Starting GENCAN loop:            5
  Scaling radii by:    1.0000000000000000     

  Packing:|0                                                        100%|
          |*************************************************************|

  Function value from last GENCAN loop: f = .41928E+01
  Best function value before: f = .36380E+01
  Improvement from best function value:   -15.25 %
  Improvement from last loop:    97.43 %
  Maximum violation of target distance:     0.269433
  Maximum violation of the constraints: .54853E+00

--------------------------------------------------------------------------------


--------------------------------------------------------------------------------

  Starting GENCAN loop:            6
  Scaling radii by:    1.0000000000000000     

  Packing:|0                                                        100%|
          |*************************************************************|

  Function value from last GENCAN loop: f = .35265E+01
  Best function value before: f = .36380E+01
  Improvement from best function value:     3.06 %
  Improvement from last loop:    15.89 %
  Maximum violation of target distance:     0.180305
  Maximum violation of the constraints: .45690E+00

--------------------------------------------------------------------------------


--------------------------------------------------------------------------------

  Starting GENCAN loop:            7
  Scaling radii by:    1.0000000000000000     

  Packing:|0                                                        100%|
          |******************

  Function value from last GENCAN loop: f = .35265E+01
  Best function value before: f = .35265E+01
  Improvement from best function value:     0.00 %
  Improvement from last loop:     0.00 %
  Maximum violation of target distance:     0.180306
  Maximum violation of the constraints: .45690E+00

--------------------------------------------------------------------------------

  Moving worst molecules ... 
  Function value before moving molecules:   3.5265370170048991     
  Type         1 molecules with non-zero contributions:  100.00%
  Moving         1 molecules of type         1
  New positions will be based on good molecules (movebadrandom is not set) 
   Moving:|0                                                        100%|
          |*************************************************************|
  Function value after moving molecules:   181.71334447374346     

--------------------------------------------------------------------------------

  Starting GENCAN loop:            8
  Scaling radii by:    1.0000000000000000     

  Packing:|0                                                        100%|
          |*************************************************************|

  Function value from last GENCAN loop: f = .40175E+01
  Best function value before: f = .35265E+01
  Improvement from best function value:   -13.92 %
  Improvement from last loop:    97.79 %
  Maximum violation of target distance:     0.251855
  Maximum violation of the constraints: .51639E+00

--------------------------------------------------------------------------------


--------------------------------------------------------------------------------

  Starting GENCAN loop:            9
  Scaling radii by:    1.0000000000000000     

  Packing:|0                                                        100%|
          |*************************************************************|

  Function value from last GENCAN loop: f = .38850E+01
  Best function value before: f = .35265E+01
  Improvement from best function value:   -10.17 %
  Improvement from last loop:     3.30 %
  Maximum violation of target distance:     0.145300
  Maximum violation of the constraints: .50954E+00

--------------------------------------------------------------------------------

  Moving worst molecules ... 
  Function value before moving molecules:   3.8850200873482108     
  Type         1 molecules with non-zero contributions:  100.00%
  Moving         1 molecules of type         1
  New positions will be based on good molecules (movebadrandom is not set) 
   Moving:|0                                                        100%|
          |*************************************************************|
  Function value after moving molecules:   166.52244895191387     

--------------------------------------------------------------------------------

  Starting GENCAN loop:           10
  Scaling radii by:    1.0000000000000000     

  Packing:|0                                                        100%|
          |*************************************************************|

  Function value from last GENCAN loop: f = .59717E+01
  Best function value before: f = .35265E+01
  Improvement from best function value:   -69.34 %
  Improvement from last loop:    96.41 %
  Maximum violation of target distance:     0.475631
  Maximum violation of the constraints: .10860E+01

--------------------------------------------------------------------------------


--------------------------------------------------------------------------------

  Starting GENCAN loop:           11
  Scaling radii by:    1.0000000000000000     

  Packing:|0                                                        100%|
          |*************************************************************|

  Function value from last GENCAN loop: f = .43461E+01
  Best function value before: f = .35265E+01
  Improvement from best function value:   -23.24 %
  Improvement from last loop:    27.22 %
  Maximum violation of target distance:     0.322540
  Maximum violation of the constraints: .87587E+00

--------------------------------------------------------------------------------


--------------------------------------------------------------------------------

  Starting GENCAN loop:           12
  Scaling radii by:    1.0000000000000000     

  Packing:|0                                                        100%|
          |*************************************************************|

  Function value from last GENCAN loop: f = .41029E+01
  Best function value before: f = .35265E+01
  Improvement from best function value:   -16.34 %
  Improvement from last loop:     5.60 %
  Maximum violation of target distance:     0.278509
  Maximum violation of the constraints: .78681E+00

--------------------------------------------------------------------------------

  Moving worst molecules ... 
  Function value before moving molecules:   4.1028841164817971     
  Type         1 molecules with non-zero contributions:  100.00%
  Moving         1 molecules of type         1
  New positions will be based on good molecules (movebadrandom is not set) 
   Moving:|0                                                        100%|
          |*************************************************************|
  Function value after moving molecules:   159.60980105889951     

--------------------------------------------------------------------------------

  Starting GENCAN loop:           13
  Scaling radii by:    1.0000000000000000     

  Packing:|0                                                        100%|
          |*************************************************************|

  Function value from last GENCAN loop: f = .41067E+01
  Best function value before: f = .35265E+01
  Improvement from best function value:   -16.45 %
  Improvement from last loop:    97.43 %
  Maximum violation of target distance:     0.190623
  Maximum violation of the constraints: .70887E+00

--------------------------------------------------------------------------------


--------------------------------------------------------------------------------

  Starting GENCAN loop:           14
  Scaling radii by:    1.0000000000000000     

  Packing:|0                                                        100%|
          |*************************************************************|

  Function value from last GENCAN loop: f = .38705E+01
  Best function value before: f = .35265E+01
  Improvement from best function value:    -9.75 %
  Improvement from last loop:     5.75 %
  Maximum violation of target distance:     0.140555
  Maximum violation of the constraints: .71129E+00

--------------------------------------------------------------------------------

  Moving worst molecules ... 
  Function value before moving molecules:   3.8704804286835932     
  Type         1 molecules with non-zero contributions:  100.00%
  Moving         1 molecules of type         1
  New positions will be based on good molecules (movebadrandom is not set) 
   Moving:|0                                                        100%|
          |*************************************************************|
  Function value after moving molecules:   124.99934652655453     

--------------------------------------------------------------------------------

  Starting GENCAN loop:           15
  Scaling radii by:    1.0000000000000000     

  Packing:|0                                                        100%|
          |*************************************************************|

  Function value from last GENCAN loop: f = .32838E+01
  Best function value before: f = .35265E+01
  Improvement from best function value:     6.88 %
  Improvement from last loop:    97.37 %
  Maximum violation of target distance:     0.128559
  Maximum violation of the constraints: .49771E+00

--------------------------------------------------------------------------------


--------------------------------------------------------------------------------

  Starting GENCAN loop:           16
  Scaling radii by:    1.0000000000000000     

  Packing:|0                                                        100%|
          |*********************************************

  Function value from last GENCAN loop: f = .32827E+01
  Best function value before: f = .32838E+01
  Improvement from best function value:     0.03 %
  Improvement from last loop:     0.03 %
  Maximum violation of target distance:     0.131037
  Maximum violation of the constraints: .49583E+00

--------------------------------------------------------------------------------

  Moving worst molecules ... 
  Function value before moving molecules:   3.2826844257422332     
  Type         1 molecules with non-zero contributions:  100.00%
  Moving         1 molecules of type         1
  New positions will be based on good molecules (movebadrandom is not set) 
   Moving:|0                                                        100%|
          |*************************************************************|
  Function value after moving molecules:   149.88830208083581     

--------------------------------------------------------------------------------

  Starting GENCAN loop:           17
  Scaling radii by:    1.0000000000000000     

  Packing:|0                                                        100%|
          |*************************************************************|

  Function value from last GENCAN loop: f = .50522E+01
  Best function value before: f = .32827E+01
  Improvement from best function value:   -53.90 %
  Improvement from last loop:    96.63 %
  Maximum violation of target distance:     0.271491
  Maximum violation of the constraints: .10999E+01

--------------------------------------------------------------------------------


--------------------------------------------------------------------------------

  Starting GENCAN loop:           18
  Scaling radii by:    1.0000000000000000     

  Packing:|0                                                        100%|
          |*************************************************************|

  Function value from last GENCAN loop: f = .44644E+01
  Best function value before: f = .32827E+01
  Improvement from best function value:   -36.00 %
  Improvement from last loop:    11.63 %
  Maximum violation of target distance:     0.211057
  Maximum violation of the constraints: .97266E+00

--------------------------------------------------------------------------------


--------------------------------------------------------------------------------

  Starting GENCAN loop:           19
  Scaling radii by:    1.0000000000000000     

  Packing:|0                                                        100%|
          |************************************************

  Function value from last GENCAN loop: f = .43108E+01
  Best function value before: f = .32827E+01
  Improvement from best function value:   -31.32 %
  Improvement from last loop:     3.44 %
  Maximum violation of target distance:     0.163608
  Maximum violation of the constraints: .85681E+00

--------------------------------------------------------------------------------

  Moving worst molecules ... 
  Function value before moving molecules:   4.3107686948031150     
  Type         1 molecules with non-zero contributions:  100.00%
  Moving         1 molecules of type         1
  New positions will be based on good molecules (movebadrandom is not set) 
   Moving:|0                                                        100%|
          |*************************************************************|
  Function value after moving molecules:   160.66760778543178     

--------------------------------------------------------------------------------

  Starting GENCAN loop:           20
  Scaling radii by:    1.0000000000000000     

  Packing:|0                                                        100%|
          |*************************************************************|

  Function value from last GENCAN loop: f = .41762E+01
  Best function value before: f = .32827E+01
  Improvement from best function value:   -27.22 %
  Improvement from last loop:    97.40 %
  Maximum violation of target distance:     0.139858
  Maximum violation of the constraints: .70151E+00

--------------------------------------------------------------------------------


--------------------------------------------------------------------------------

  Starting GENCAN loop:           21
  Scaling radii by:    1.0000000000000000     

  Packing:|0                                                        100%|
          |*************************************************************|


  Function value from last GENCAN loop: f = .41762E+01
  Best function value before: f = .32827E+01
  Improvement from best function value:   -27.22 %
  Improvement from last loop:     0.00 %
  Maximum violation of target distance:     0.140595
  Maximum violation of the constraints: .69997E+00

--------------------------------------------------------------------------------

  Moving worst molecules ... 
  Function value before moving molecules:   4.1761546714532205     
  Type         1 molecules with non-zero contributions:  100.00%
  Moving         1 molecules of type         1
  New positions will be based on good molecules (movebadrandom is not set) 
   Moving:|0                                                        100%|
          |*************************************************************|
  Function value after moving molecules:   157.59993443233873     

--------------------------------------------------------------------------------

  Starting GENCAN loop:           22
  Scaling radii by:    1.0000000000000000     

  Packing:|0                                                        100%|
          |*************************************************************|

  Function value from last GENCAN loop: f = .67398E+01
  Best function value before: f = .32827E+01
  Improvement from best function value:   -99.99 %
  Improvement from last loop:    95.72 %
  Maximum violation of target distance:     0.601428
  Maximum violation of the constraints: .10073E+01

--------------------------------------------------------------------------------


--------------------------------------------------------------------------------

  Starting GENCAN loop:           23
  Scaling radii by:    1.0000000000000000     

  Packing:|0                                                        100%|
          |*************************************************************|

  Function value from last GENCAN loop: f = .42034E+01
  Best function value before: f = .32827E+01
  Improvement from best function value:   -28.05 %
  Improvement from last loop:    37.63 %
  Maximum violation of target distance:     0.165150
  Maximum violation of the constraints: .76948E+00

--------------------------------------------------------------------------------


--------------------------------------------------------------------------------

  Starting GENCAN loop:           24
  Scaling radii by:    1.0000000000000000     

  Packing:|0                                                        100%|
          |*************************************************************|

  Function value from last GENCAN loop: f = .41720E+01
  Best function value before: f = .32827E+01
  Improvement from best function value:   -27.09 %
  Improvement from last loop:     0.75 %
  Maximum violation of target distance:     0.150565
  Maximum violation of the constraints: .76195E+00

--------------------------------------------------------------------------------

  Moving worst molecules ... 
  Function value before moving molecules:   4.1719831618261249     
  Type         1 molecules with non-zero contributions:  100.00%
  Moving         1 molecules of type         1
  New positions will be based on good molecules (movebadrandom is not set) 
   Moving:|0                                                        100%|
          |*************************************************************|
  Function value after moving molecules:   155.54617326955747     

--------------------------------------------------------------------------------

  Starting GENCAN loop:           25
  Scaling radii by:    1.0000000000000000     

  Packing:|0                                                        100%|
          |*************************************************************|

  Function value from last GENCAN loop: f = .62612E+01
  Best function value before: f = .32827E+01
  Improvement from best function value:   -90.73 %
  Improvement from last loop:    95.97 %
  Maximum violation of target distance:     0.669697
  Maximum violation of the constraints: .96318E+00

--------------------------------------------------------------------------------


--------------------------------------------------------------------------------

  Starting GENCAN loop:           26
  Scaling radii by:    1.0000000000000000     

  Packing:|0                                                        100%|
          |*********************************************************

  Function value from last GENCAN loop: f = .40137E+01
  Best function value before: f = .32827E+01
  Improvement from best function value:   -22.27 %
  Improvement from last loop:    35.90 %
  Maximum violation of target distance:     0.217989
  Maximum violation of the constraints: .72944E+00

--------------------------------------------------------------------------------


--------------------------------------------------------------------------------

  Starting GENCAN loop:           27
  Scaling radii by:    1.0000000000000000     

  Packing:|0                                                        100%|
          |

  Function value from last GENCAN loop: f = .40137E+01
  Best function value before: f = .32827E+01
  Improvement from best function value:   -22.27 %
  Improvement from last loop:    -0.00 %
  Maximum violation of target distance:     0.217989
  Maximum violation of the constraints: .72944E+00

--------------------------------------------------------------------------------

  Moving worst molecules ... 
  Function value before moving molecules:   4.0137066596831108     
  Type         1 molecules with non-zero contributions:  100.00%
  Moving         1 molecules of type         1
  New positions will be based on good molecules (movebadrandom is not set) 
   Moving:|0                                                        100%|
          |*************************************************************|
  Function value after moving molecules:   167.01041328161895     

--------------------------------------------------------------------------------

  Starting GENCAN loop:           28
  Scaling radii by:    1.0000000000000000     

  Packing:|0                                                        100%|
          |*************************************************************|

  Function value from last GENCAN loop: f = .58087E+01
  Best function value before: f = .32827E+01
  Improvement from best function value:   -76.95 %
  Improvement from last loop:    96.52 %
  Maximum violation of target distance:     0.119654
  Maximum violation of the constraints: .14957E+01

--------------------------------------------------------------------------------


--------------------------------------------------------------------------------

  Starting GENCAN loop:           29
  Scaling radii by:    1.0000000000000000     

  Packing:|0                                                        100%|
          |*************************************************************|

  Function value from last GENCAN loop: f = .49865E+01
  Best function value before: f = .32827E+01
  Improvement from best function value:   -51.90 %
  Improvement from last loop:    14.15 %
  Maximum violation of target distance:     0.181218
  Maximum violation of the constraints: .14026E+01

--------------------------------------------------------------------------------


--------------------------------------------------------------------------------

  Starting GENCAN loop:           30
  Scaling radii by:    1.0000000000000000     

  Packing:|0                                                        100%|
          |*************************************************************|

  Function value from last GENCAN loop: f = .48356E+01
  Best function value before: f = .32827E+01
  Improvement from best function value:   -47.31 %
  Improvement from last loop:     3.03 %
  Maximum violation of target distance:     0.164800
  Maximum violation of the constraints: .13601E+01

--------------------------------------------------------------------------------

  Moving worst molecules ... 
  Function value before moving molecules:   4.8355663454943958     
  Type         1 molecules with non-zero contributions:  100.00%
  Moving         1 molecules of type         1
  New positions will be based on good molecules (movebadrandom is not set) 
   Moving:|0                                                        100%|
          |*************************************************************|
  Function value after moving molecules:   150.54110417378428     

--------------------------------------------------------------------------------

  Starting GENCAN loop:           31
  Scaling radii by:    1.0000000000000000     

  Packing:|0                                                        100%|
          |*************************************************************|

  Function value from last GENCAN loop: f = .41131E+01
  Best function value before: f = .32827E+01
  Improvement from best function value:   -25.30 %
  Improvement from last loop:    97.27 %
  Maximum violation of target distance:     0.194708
  Maximum violation of the constraints: .55292E+00

--------------------------------------------------------------------------------


--------------------------------------------------------------------------------

  Starting GENCAN loop:           32
  Scaling radii by:    1.0000000000000000     

  Packing:|0                                                        100%|
          |*************************************************************|

  Function value from last GENCAN loop: f = .37418E+01
  Best function value before: f = .32827E+01
  Improvement from best function value:   -13.98 %
  Improvement from last loop:     9.03 %
  Maximum violation of target distance:     0.144610
  Maximum violation of the constraints: .53742E+00

--------------------------------------------------------------------------------

  Moving worst molecules ... 
  Function value before moving molecules:   3.7417670703213077     
  Type         1 molecules with non-zero contributions:  100.00%
  Moving         1 molecules of type         1
  New positions will be based on good molecules (movebadrandom is not set) 
   Moving:|0                                                        100%|
          |*************************************************************|
  Function value after moving molecules:   155.67718177856969     

--------------------------------------------------------------------------------

  Starting GENCAN loop:           33
  Scaling radii by:    1.0000000000000000     

  Packing:|0                                                        100%|
          |*************************************************************|

  Function value from last GENCAN loop: f = .46447E+01
  Best function value before: f = .32827E+01
  Improvement from best function value:   -41.49 %
  Improvement from last loop:    97.02 %
  Maximum violation of target distance:     0.219293
  Maximum violation of the constraints: .91840E+00

--------------------------------------------------------------------------------


--------------------------------------------------------------------------------

  Starting GENCAN loop:           34
  Scaling radii by:    1.0000000000000000     

  Packing:|0                                                        100%|
          |*************************************************************|

  Function value from last GENCAN loop: f = .44079E+01
  Best function value before: f = .32827E+01
  Improvement from best function value:   -34.28 %
  Improvement from last loop:     5.10 %
  Maximum violation of target distance:     0.222776
  Maximum violation of the constraints: .84624E+00

--------------------------------------------------------------------------------

  Moving worst molecules ... 
  Function value before moving molecules:   4.4078807234922532     
  Type         1 molecules with non-zero contributions:  100.00%
  Moving         1 molecules of type         1
  New positions will be based on good molecules (movebadrandom is not set) 
   Moving:|0                                                        100%|
          |*************************************************************|
  Function value after moving molecules:   170.80664570102107     

--------------------------------------------------------------------------------

  Starting GENCAN loop:           35
  Scaling radii by:    1.0000000000000000     

  Packing:|0                                                        100%|
          |*************************************************************|

  Function value from last GENCAN loop: f = .61273E+01
  Best function value before: f = .32827E+01
  Improvement from best function value:   -86.65 %
  Improvement from last loop:    96.41 %
  Maximum violation of target distance:     0.519794
  Maximum violation of the constraints: .89422E+00

--------------------------------------------------------------------------------


--------------------------------------------------------------------------------

  Starting GENCAN loop:           36
  Scaling radii by:    1.0000000000000000     

  Packing:|0                                                        100%|
          |*************************************************************|

  Function value from last GENCAN loop: f = .46164E+01
  Best function value before: f = .32827E+01
  Improvement from best function value:   -40.63 %
  Improvement from last loop:    24.66 %
  Maximum violation of target distance:     0.217206
  Maximum violation of the constraints: .88066E+00

--------------------------------------------------------------------------------


--------------------------------------------------------------------------------

  Starting GENCAN loop:           37
  Scaling radii by:    1.0000000000000000     

  Packing:|0                                                        100%|
          |*************************************************************|

  Function value from last GENCAN loop: f = .45406E+01
  Best function value before: f = .32827E+01
  Improvement from best function value:   -38.32 %
  Improvement from last loop:     1.64 %
  Maximum violation of target distance:     0.153363
  Maximum violation of the constraints: .68121E+00

--------------------------------------------------------------------------------

  Moving worst molecules ... 
  Function value before moving molecules:   4.5405891154211862     
  Type         1 molecules with non-zero contributions:  100.00%
  Moving         1 molecules of type         1
  New positions will be based on good molecules (movebadrandom is not set) 
   Moving:|0                                                        100%|
          |*************************************************************|
  Function value after moving molecules:   153.49280178348582     

--------------------------------------------------------------------------------

  Starting GENCAN loop:           38
  Scaling radii by:    1.0000000000000000     

  Packing:|0                                                        100%|
          |*************************************************************|

  Function value from last GENCAN loop: f = .10067E+02
  Best function value before: f = .32827E+01
  Improvement from best function value:   -99.99 %
  Improvement from last loop:    93.44 %
  Maximum violation of target distance:     0.435601
  Maximum violation of the constraints: .20324E+01

--------------------------------------------------------------------------------


--------------------------------------------------------------------------------

  Starting GENCAN loop:           39
  Scaling radii by:    1.0000000000000000     

  Packing:|0                                                        100%|
          |*************************************************************|

  Function value from last GENCAN loop: f = .92916E+01
  Best function value before: f = .32827E+01
  Improvement from best function value:   -99.99 %
  Improvement from last loop:     7.70 %
  Maximum violation of target distance:     0.263192
  Maximum violation of the constraints: .24406E+01

--------------------------------------------------------------------------------

  Moving worst molecules ... 
  Function value before moving molecules:   9.2916147520010934     
  Type         1 molecules with non-zero contributions:  100.00%
  Moving         1 molecules of type         1
  New positions will be based on good molecules (movebadrandom is not set) 
   Moving:|0                                                        100%|
          |*************************************************************|
  Function value after moving molecules:   161.98089639053600     

--------------------------------------------------------------------------------

  Starting GENCAN loop:           40
  Scaling radii by:    1.0000000000000000     

  Packing:|0                                                        100%|
          |*************************************************************|

  Function value from last GENCAN loop: f = .99058E+01
  Best function value before: f = .32827E+01
  Improvement from best function value:   -99.99 %
  Improvement from last loop:    93.88 %
  Maximum violation of target distance:     0.447981
  Maximum violation of the constraints: .17799E+01

--------------------------------------------------------------------------------


--------------------------------------------------------------------------------

  Starting GENCAN loop:           41
  Scaling radii by:    1.0000000000000000     

  Packing:|0                                                        100%|
          |*************************************************************|

  Function value from last GENCAN loop: f = .37148E+01
  Best function value before: f = .32827E+01
  Improvement from best function value:   -13.16 %
  Improvement from last loop:    62.50 %
  Maximum violation of target distance:     0.256152
  Maximum violation of the constraints: .45930E+00

--------------------------------------------------------------------------------


--------------------------------------------------------------------------------

  Starting GENCAN loop:           42
  Scaling radii by:    1.0000000000000000     

  Packing:|0                                                        100%|
          |*************************************************************|

  Function value from last GENCAN loop: f = .35845E+01
  Best function value before: f = .32827E+01
  Improvement from best function value:    -9.20 %
  Improvement from last loop:     3.51 %
  Maximum violation of target distance:     0.164072
  Maximum violation of the constraints: .46725E+00

--------------------------------------------------------------------------------

  Moving worst molecules ... 
  Function value before moving molecules:   3.5845429025165880     
  Type         1 molecules with non-zero contributions:  100.00%
  Moving         1 molecules of type         1
  New positions will be based on good molecules (movebadrandom is not set) 
   Moving:|0                                                        100%|
          |*************************************************************|
  Function value after moving molecules:   139.93401531399113     

--------------------------------------------------------------------------------

  Starting GENCAN loop:           43
  Scaling radii by:    1.0000000000000000     

  Packing:|0                                                        100%|
          |*************************************************************|

  Function value from last GENCAN loop: f = .60586E+01
  Best function value before: f = .32827E+01
  Improvement from best function value:   -84.56 %
  Improvement from last loop:    95.67 %
  Maximum violation of target distance:     0.195011
  Maximum violation of the constraints: .16004E+01

--------------------------------------------------------------------------------


--------------------------------------------------------------------------------

  Starting GENCAN loop:           44
  Scaling radii by:    1.0000000000000000     

  Packing:|0                                                        100%|
          |******************************************************

  Function value from last GENCAN loop: f = .60585E+01
  Best function value before: f = .32827E+01
  Improvement from best function value:   -84.56 %
  Improvement from last loop:     0.00 %
  Maximum violation of target distance:     0.196109
  Maximum violation of the constraints: .15973E+01

--------------------------------------------------------------------------------

  Moving worst molecules ... 
  Function value before moving molecules:   6.0584850313365504     
  Type         1 molecules with non-zero contributions:  100.00%
  Moving         1 molecules of type         1
  New positions will be based on good molecules (movebadrandom is not set) 
   Moving:|0                                                        100%|
          |*************************************************************|
  Function value after moving molecules:   166.06115504068688     

--------------------------------------------------------------------------------

  Starting GENCAN loop:           45
  Scaling radii by:    1.0000000000000000     

  Packing:|0                                                        100%|
          |*************************************************************|

  Function value from last GENCAN loop: f = .46884E+01
  Best function value before: f = .32827E+01
  Improvement from best function value:   -42.82 %
  Improvement from last loop:    97.18 %
  Maximum violation of target distance:     0.253795
  Maximum violation of the constraints: .11852E+01

--------------------------------------------------------------------------------


--------------------------------------------------------------------------------

  Starting GENCAN loop:           46
  Scaling radii by:    1.0000000000000000     

  Packing:|0                                                        100%|
          |*************************************************************|

  Function value from last GENCAN loop: f = .44059E+01
  Best function value before: f = .32827E+01
  Improvement from best function value:   -34.22 %
  Improvement from last loop:     6.03 %
  Maximum violation of target distance:     0.222609
  Maximum violation of the constraints: .10686E+01

--------------------------------------------------------------------------------

  Moving worst molecules ... 
  Function value before moving molecules:   4.4058877456334153     
  Type         1 molecules with non-zero contributions:  100.00%
  Moving         1 molecules of type         1
  New positions will be based on good molecules (movebadrandom is not set) 
   Moving:|0                                                        100%|
          |*************************************************************|
  Function value after moving molecules:   143.76405974990917     

--------------------------------------------------------------------------------

  Starting GENCAN loop:           47
  Scaling radii by:    1.0000000000000000     

  Packing:|0                                                        100%|
          |*************************************************************|

  Function value from last GENCAN loop: f = .43644E+01
  Best function value before: f = .32827E+01
  Improvement from best function value:   -32.95 %
  Improvement from last loop:    96.96 %
  Maximum violation of target distance:     0.228206
  Maximum violation of the constraints: .57410E+00

--------------------------------------------------------------------------------


--------------------------------------------------------------------------------

  Starting GENCAN loop:           48
  Scaling radii by:    1.0000000000000000     

  Packing:|0                                                        100%|
          |************************************************

  Function value from last GENCAN loop: f = .41392E+01
  Best function value before: f = .32827E+01
  Improvement from best function value:   -26.09 %
  Improvement from last loop:     5.16 %
  Maximum violation of target distance:     0.210386
  Maximum violation of the constraints: .58465E+00

--------------------------------------------------------------------------------

  Moving worst molecules ... 
  Function value before moving molecules:   4.1391929469357427     
  Type         1 molecules with non-zero contributions:  100.00%
  Moving         1 molecules of type         1
  New positions will be based on good molecules (movebadrandom is not set) 
   Moving:|0                                                        100%|
          |*************************************************************|
STOP 173
  Function value after moving molecules:   157.15672398682602     

--------------------------------------------------------------------------------

  Starting GENCAN loop:           49
  Scaling radii by:    1.0000000000000000     

  Packing:|0                                                        100%|
          |*************************************************************|

  Function value from last GENCAN loop: f = .44046E+01
  Best function value before: f = .32827E+01
  Improvement from best function value:   -34.18 %
  Improvement from last loop:    97.20 %
  Maximum violation of target distance:     0.215890
  Maximum violation of the constraints: .99684E+00

--------------------------------------------------------------------------------


--------------------------------------------------------------------------------

  Starting GENCAN loop:           50
  Scaling radii by:    1.0000000000000000     

  Packing:|0                                                        100%|
          |******************

  Function value from last GENCAN loop: f = .44046E+01
  Best function value before: f = .32827E+01
  Improvement from best function value:   -34.18 %
  Improvement from last loop:     0.00 %
  Maximum violation of target distance:     0.215892
  Maximum violation of the constraints: .99684E+00

--------------------------------------------------------------------------------

  STOP: Maximum number of GENCAN loops achieved.

--------------------------------------------------------------------------------

 Packmol was not able to find a solution to your
 packing problem with the desired distance tolerance.

 First of all, be sure if the molecules fit in the
 regions specified and if the constraints were set
 correctly. 

 Secondly, try simply running it again with a different 
 seed for the random number generator of the initial 
 point. This is done by adding the keyword seed to the
 input file, as in: 

 seed 192911 

 The best configuration found has a function value of
 f =  0.7821411E+03

 IMPORTANT: 
 If the number of molecules and the restraints are
 correct, it is still very likely that the current point
 fits your needs if your purpose is to run a MD
 simulation.
 Therefore, we recommend to minimize the energy of the
 solution found, equilibrate it and run with it as well.


--------------------------------------------------------------------------------

  The solution with the best function value was 
  written to the output file: /root/lmp-work/.compat/ligpargen_buildsystem_smoke2/system.xyz
--------------------------------------------------------------------------------
  Forcing the solution to fit the constraints...

--------------------------------------------------------------------------------
  The forced point was writen to the 
  output file: /root/lmp-work/.compat/ligpargen_buildsystem_smoke2/system.xyz_FORCED

  If you want that the packing procedure continues
  for a longer time, add the following keyword 
  to the input file: 

  nloop [integer]      (ex: nloop 200) 

  The default nloop value is 50 for each molecule.

################################################################################
  ENDED WITHOUT PERFECT PACKING: 
  The output file:

    /root/lmp-work/.compat/ligpargen_buildsystem_smoke2/system.xyz

  contains the best solution found. 

  Very likely, if the input data was correct, 
  it is a reasonable starting configuration.
  Check commentaries above for more details. 
################################################################################
   Running time:   0.391552985      seconds. 

--------------------------------------------------------------------------------


